// Vitest Snapshot v1, https://vitest.dev/guide/snapshot.html

exports[`@/components/HomeSearchBar > GIVEN a HomeSearchBar with search param
      WHEN service is in loading state
      THEN should show the Skleton elements
      AND have aria-busy as true 1`] = `
<body>
  <span
    data-radix-focus-guard=""
    style="outline: none; opacity: 0; position: fixed; pointer-events: none;"
    tabindex="0"
  />
  <div>
    <div
      class="w-full max-w-screen-sm flex flex-row gap-1"
    >
      <input
        class="flex h-9 w-full rounded-md border border-input bg-transparent px-3 py-1 text-sm shadow-sm transition-colors file:border-0 file:bg-transparent file:text-sm file:font-medium placeholder:text-muted-foreground focus-visible:outline-none focus-visible:ring-1 focus-visible:ring-ring disabled:cursor-not-allowed disabled:opacity-50"
        placeholder="Busque a cidade"
        value="test"
      />
      <button
        aria-label="Buscar cidade"
        class="inline-flex items-center justify-center whitespace-nowrap rounded-md text-sm font-medium transition-colors focus-visible:outline-none focus-visible:ring-1 focus-visible:ring-ring disabled:pointer-events-none disabled:opacity-50 border border-input bg-background shadow-sm hover:bg-accent hover:text-accent-foreground h-9 w-9"
      >
        <svg
          class="lucide lucide-search w-4 h-4"
          fill="none"
          height="24"
          stroke="currentColor"
          stroke-linecap="round"
          stroke-linejoin="round"
          stroke-width="2"
          viewBox="0 0 24 24"
          width="24"
          xmlns="http://www.w3.org/2000/svg"
        >
          <circle
            cx="11"
            cy="11"
            r="8"
          />
          <path
            d="m21 21-4.3-4.3"
          />
        </svg>
      </button>
    </div>
  </div>
  <div
    data-radix-popper-content-wrapper=""
    style="position: fixed; left: 0px; top: 0px; transform: translate(0, -200%); min-width: max-content;"
  >
    <div
      aria-busy="true"
      class="z-50 rounded-md border bg-popover p-4 text-popover-foreground shadow-md outline-none data-[state=open]:animate-in data-[state=closed]:animate-out data-[state=closed]:fade-out-0 data-[state=open]:fade-in-0 data-[state=closed]:zoom-out-95 data-[state=open]:zoom-in-95 data-[side=bottom]:slide-in-from-top-2 data-[side=left]:slide-in-from-right-2 data-[side=right]:slide-in-from-left-2 data-[side=top]:slide-in-from-bottom-2 flex flex-col items-start justify-center gap-2 w-[var(--radix-popper-anchor-width)]"
      data-align="center"
      data-side="bottom"
      data-state="open"
      id="radix-:r4:"
      role="dialog"
      style="--radix-popover-content-transform-origin: var(--radix-popper-transform-origin); --radix-popover-content-available-width: var(--radix-popper-available-width); --radix-popover-content-available-height: var(--radix-popper-available-height); --radix-popover-trigger-width: var(--radix-popper-anchor-width); --radix-popover-trigger-height: var(--radix-popper-anchor-height); animation: none;"
      tabindex="-1"
    >
      <div
        class="flex flex-col justify-center h-11"
      >
        <div
          class="animate-pulse rounded-md bg-primary/10 h-6 w-28"
        />
      </div>
      <div
        class="flex flex-col justify-center h-11"
      >
        <div
          class="animate-pulse rounded-md bg-primary/10 h-6 w-28"
        />
      </div>
      <div
        class="flex flex-col justify-center h-11"
      >
        <div
          class="animate-pulse rounded-md bg-primary/10 h-6 w-28"
        />
      </div>
    </div>
  </div>
  <span
    data-radix-focus-guard=""
    style="outline: none; opacity: 0; position: fixed; pointer-events: none;"
    tabindex="0"
  />
</body>
`;
