// Vitest Snapshot v1, https://vitest.dev/guide/snapshot.html

exports[`@/components/HeaderStreetMarketPage > GIVEN a HeaderStreetMarketPage
      WHEN not finish load
      THEN should show the loading state 1`] = `
<body>
  <div />
</body>
`;
