// Vitest Snapshot v1, https://vitest.dev/guide/snapshot.html

exports[`@/components/StreetMarketCard > GIVEN a StreetMarketCard component
      WHEN render
      THEN should match with snapshot 1`] = `
<body>
  <div>
    <a
      from="/city/$city"
      href="/city/undefined/name-name"
    >
      <div
        class="rounded-xl border bg-card text-card-foreground py-4 px-5 w-full"
        id="1"
        location=""
      >
        <h3
          class="font-semibold leading-none tracking-tight"
        >
          Name name
        </h3>
        <p
          class="text-sm text-muted-foreground"
        >
          Neighborhood
        </p>
        <div
          class="mt-2 flex flex-row flex-wrap gap-2"
        >
          <div
            class="inline-flex items-center rounded-md border px-2.5 py-0.5 text-xs font-semibold transition-colors focus:outline-none focus:ring-2 focus:ring-ring focus:ring-offset-2 text-foreground"
          >
            SÃ¡bado
          </div>
          <div
            class="inline-flex items-center rounded-md border px-2.5 py-0.5 text-xs font-semibold transition-colors focus:outline-none focus:ring-2 focus:ring-ring focus:ring-offset-2 text-foreground"
          >
            09h - 15h
          </div>
        </div>
      </div>
    </a>
  </div>
</body>
`;

exports[`@/components/StreetMarketCard > GIVEN a StreetMarketCardSkeleton component
      WHEN render
      THEN should match with snapshot 1`] = `
<body>
  <div>
    <div
      class="rounded-xl border bg-card text-card-foreground py-4 px-5 w-full"
    >
      <div
        class="flex flex-col justify-center items-start gap-1"
      >
        <div
          class="animate-pulse bg-primary/10 rounded-sm h-4 w-36"
        />
        <div
          class="animate-pulse bg-primary/10 rounded-sm h-[0.875rem] w-14"
        />
      </div>
      <div
        class="mt-2 flex flex-row flex-wrap gap-2"
      >
        <div
          class="animate-pulse bg-primary/10 rounded-sm h-4 w-28"
        />
        <div
          class="animate-pulse bg-primary/10 rounded-sm h-4 w-20"
        />
      </div>
    </div>
  </div>
</body>
`;
